Server [localhost]:
Database [postgres]:
Port [5432]:
Username [postgres]:
Password for user postgres:
psql (17.6)
WARNING: Console code page (866) differs from Windows code page (1251)
         8-bit characters might not work correctly. See psql reference
         page "Notes for Windows users" for details.
Type "help" for help.

postgres=# CREATE DATABASE university;
CREATE DATABASE
postgres=# DROP DATABASE university;
DROP DATABASE
postgres=# CREATE DATABASE university;
CREATE DATABASE
postgres=# \c university
You are now connected to database "university" as user "postgres".
university=# --YEAH
university=# psql -d university -U postgres
university-# \c postgres
You are now connected to database "postgres" as user "postgres".
postgres-# DROP DATABASE university;
ERROR:  syntax error at or near "psql"
LINE 1: psql -d university -U postgres
        ^
postgres=# DROP DATABASE university;
DROP DATABASE
postgres=#
